[www.skilltechwebdesign.com/htmlthemes/particle/index_dark.html]
[backblue.gif]
[fade.gif]
[index.html]
[www.skilltechwebdesign.com/htmlthemes/particle/favicon.ico]
[www.skilltechwebdesign.com/htmlthemes/particle/assets/fonts/font-awesome/css/font-awesome.min.css]
[www.skilltechwebdesign.com/htmlthemes/particle/assets/css/bootstrap.min.css]
[www.skilltechwebdesign.com/htmlthemes/particle/assets/css/animate.min.css]
[www.skilltechwebdesign.com/htmlthemes/particle/assets/css/bootstrap-colorpicker.min.css]
[www.skilltechwebdesign.com/htmlthemes/particle/assets/css/particle_dark.css]
[www.skilltechwebdesign.com/htmlthemes/particle/assets/css/particle_demo.css]
[www.skilltechwebdesign.com/htmlthemes/particle/assets/css/skins.css]
[www.skilltechwebdesign.com/htmlthemes/particle/assets/images/logo-normal.png]
[www.skilltechwebdesign.com/htmlthemes/particle/assets/images/portfolio-thumbnail-01-dark.jpg]
[www.skilltechwebdesign.com/htmlthemes/particle/portfolio-item-dark.html]
[www.skilltechwebdesign.com/htmlthemes/particle/assets/images/portfolio-thumbnail-02-dark.jpg]
[www.skilltechwebdesign.com/htmlthemes/particle/assets/images/portfolio-thumbnail-03-dark.jpg]
[www.skilltechwebdesign.com/htmlthemes/particle/assets/images/portfolio-thumbnail-04-dark.jpg]
[www.skilltechwebdesign.com/htmlthemes/particle/assets/images/ipads-left.png]
[www.skilltechwebdesign.com/htmlthemes/particle/assets/images/ipads-center.png]
[www.skilltechwebdesign.com/htmlthemes/particle/assets/images/ipads-right.png]
[www.skilltechwebdesign.com/htmlthemes/particle/service-item-dark.html]
[www.skilltechwebdesign.com/htmlthemes/particle/assets/images/iphone-services.png]
[www.skilltechwebdesign.com/htmlthemes/particle/assets/js/particle-theme-1.min.js]
[www.skilltechwebdesign.com/htmlthemes/particle/index_dark.html]
[www.skilltechwebdesign.com/htmlthemes/particle/assets/js/skilltech-style-switcher.min.js]
[www.skilltechwebdesign.com/htmlthemes/particle/assets/fonts/font-awesome/fonts/fontawesome-webfont3e6e.eot]
[www.skilltechwebdesign.com/htmlthemes/particle/assets/fonts/font-awesome/fonts/fontawesome-webfontd41d.eot]
[www.skilltechwebdesign.com/htmlthemes/particle/assets/js/libs.min.js]
[www.skilltechwebdesign.com/htmlthemes/particle/assets/fonts/font-awesome/fonts/fontawesome-webfont3e6e.woff2]
[www.skilltechwebdesign.com/htmlthemes/particle/assets/fonts/font-awesome/fonts/fontawesome-webfont3e6e.woff]
[www.skilltechwebdesign.com/htmlthemes/particle/assets/fonts/font-awesome/fonts/fontawesome-webfont3e6e.ttf]
[www.skilltechwebdesign.com/htmlthemes/particle/assets/fonts/font-awesome/css/font-awesome.min.css]
[www.skilltechwebdesign.com/htmlthemes/particle/assets/fonts/glyphicons-halflings-regular.1d.delayed]
[www.skilltechwebdesign.com/htmlthemes/particle/assets/fonts/glyphicons-halflings-regular.1ed41d.delayed]
[www.skilltechwebdesign.com/htmlthemes/particle/assets/fonts/glyphicons-halflings-regular.1f.delayed]
[www.skilltechwebdesign.com/htmlthemes/particle/assets/fonts/glyphicons-halflings-regular.woff]
[www.skilltechwebdesign.com/htmlthemes/particle/assets/fonts/glyphicons-halflings-regular.ttf]
[www.skilltechwebdesign.com/htmlthemes/particle/assets/fonts/glyphicons-halflings-regular.svg]
[www.skilltechwebdesign.com/htmlthemes/particle/assets/css/bootstrap.min.css]
[www.skilltechwebdesign.com/htmlthemes/particle/assets/css/animate.min.css]
[www.skilltechwebdesign.com/htmlthemes/particle/assets/images/bootstrap-colorpicker/saturation.png]
[www.skilltechwebdesign.com/htmlthemes/particle/assets/images/bootstrap-colorpicker/hue.png]
[www.skilltechwebdesign.com/htmlthemes/particle/assets/images/bootstrap-colorpicker/alpha.png]
[www.skilltechwebdesign.com/htmlthemes/particle/assets/images/bootstrap-colorpicker/hue-horizontal.png]
[www.skilltechwebdesign.com/htmlthemes/particle/assets/images/bootstrap-colorpicker/alpha-horizontal.png]
[www.skilltechwebdesign.com/htmlthemes/particle/assets/css/bootstrap-colorpicker.min.css]
[www.skilltechwebdesign.com/htmlthemes/particle/assets/images/hero-dark.jpg]
[www.skilltechwebdesign.com/htmlthemes/particle/assets/images/image-section.jpg]
[www.skilltechwebdesign.com/htmlthemes/particle/assets/images/quote-background.jpg]
[www.skilltechwebdesign.com/htmlthemes/particle/assets/images/low-poly.jpg]
[www.skilltechwebdesign.com/htmlthemes/particle/assets/images/contact-hero.jpg]
[www.skilltechwebdesign.com/htmlthemes/particle/assets/images/portfolio-item.jpg]
[www.skilltechwebdesign.com/htmlthemes/particle/assets/images/service-item.jpg]
[www.skilltechwebdesign.com/htmlthemes/particle/assets/css/particle_dark.css]
[www.skilltechwebdesign.com/htmlthemes/particle/assets/css/particle_demo.css]
[www.skilltechwebdesign.com/htmlthemes/particle/assets/css/skins.css]
[www.skilltechwebdesign.com/htmlthemes/particle/assets/css/particle_light.css]
[www.skilltechwebdesign.com/htmlthemes/particle/assets/js/portfolio-item.js]
[www.skilltechwebdesign.com/htmlthemes/particle/portfolio-item-dark.html]
[www.skilltechwebdesign.com/htmlthemes/particle/assets/js/service-item.js]
[www.skilltechwebdesign.com/htmlthemes/particle/service-item-dark.html]
[www.skilltechwebdesign.com/htmlthemes/particle/assets/fonts/font-awesome/fonts/fontawesome-webfont3e6e.svg]
[www.skilltechwebdesign.com/htmlthemes/particle/assets/fonts/glyphicons-halflings-regular.html]
[www.skilltechwebdesign.com/htmlthemes/particle/assets/fonts/glyphicons-halflings-regulard41d.html]
[www.skilltechwebdesign.com/htmlthemes/particle/assets/fonts/glyphicons-halflings-regular-2.html]
[www.skilltechwebdesign.com/htmlthemes/particle/assets/fonts/glyphicons-halflings-regular-3.html]
[www.skilltechwebdesign.com/htmlthemes/particle/assets/fonts/glyphicons-halflings-regular-4.html]
[www.skilltechwebdesign.com/htmlthemes/particle/assets/fonts/glyphicons-halflings-regular-5.html]
[www.skilltechwebdesign.com/htmlthemes/particle/assets/images/hero-background.jpg]
[www.skilltechwebdesign.com/htmlthemes/particle/assets/css/particle_light.css]
